0 verbose cli /usr/local/bin/node /usr/local/bin/npm
1 info using npm@11.17.0
2 info using node@v24.19.0
3 silly config load:file:/usr/local/lib/node_modules/npm/npmrc
4 silly config load:file:/Users/nirbhaykumar/Desktop/collegeSOS/.npmrc
5 silly config load:file:/usr/local/etc/npmrc
6 verbose title npm install
7 verbose argv "--cache" "/Users/nirbhaykumar/Desktop/collegeSOS/.npm-cache" "--userconfig" "/Users/nirbhaykumar/Desktop/collegeSOS/.npmrc" "install" "--registry" "https://registry.npmjs.org/"
8 verbose logfile logs-max:10 dir:/Users/nirbhaykumar/Desktop/collegeSOS/.npm-cache/_logs/2026-08-25T07_44_43_793Z-
9 verbose logfile /Users/nirbhaykumar/Desktop/collegeSOS/.npm-cache/_logs/2026-08-25T07_44_43_793Z-debug-0.log
10 silly logfile done cleaning log files
11 silly packumentCache heap:4496293888 maxSize:1124073472 maxEntrySize:562036736
12 silly idealTree buildDeps
13 silly fetch manifest @google/generative-ai@^0.24.1
14 silly packumentCache full:https://registry.npmjs.org/@google%2fgenerative-ai cache-miss
15 http fetch GET 200 https://registry.npmjs.org/@google%2fgenerative-ai 329ms (cache miss)
16 silly packumentCache full:https://registry.npmjs.org/@google%2fgenerative-ai set size:undefined disposed:false
17 silly placeDep ROOT @google/generative-ai@0.24.1 OK for: collegesos@1.0.0 want: ^0.24.1
18 silly reify moves {}
19 silly audit bulk request {
19 silly audit   accepts: [ '1.3.8' ],
19 silly audit   'array-flatten': [ '1.1.1' ],
19 silly audit   'body-parser': [ '1.20.6' ],
19 silly audit   bytes: [ '3.1.2' ],
19 silly audit   'call-bind-apply-helpers': [ '1.0.2' ],
19 silly audit   'call-bound': [ '1.0.4' ],
19 silly audit   'content-disposition': [ '0.5.4' ],
19 silly audit   'content-type': [ '1.0.5' ],
19 silly audit   cookie: [ '0.7.2' ],
19 silly audit   'cookie-signature': [ '1.0.7' ],
19 silly audit   cors: [ '2.8.6' ],
19 silly audit   debug: [ '2.6.9' ],
19 silly audit   depd: [ '2.0.0' ],
19 silly audit   destroy: [ '1.2.0' ],
19 silly audit   dotenv: [ '16.6.1' ],
19 silly audit   'dunder-proto': [ '1.0.1' ],
19 silly audit   'ee-first': [ '1.1.1' ],
19 silly audit   encodeurl: [ '2.0.0' ],
19 silly audit   'es-define-property': [ '1.0.1' ],
19 silly audit   'es-errors': [ '1.3.0' ],
19 silly audit   'es-object-atoms': [ '1.1.2' ],
19 silly audit   'escape-html': [ '1.0.3' ],
19 silly audit   etag: [ '1.8.1' ],
19 silly audit   express: [ '4.22.2' ],
19 silly audit   finalhandler: [ '1.3.2' ],
19 silly audit   forwarded: [ '0.2.0' ],
19 silly audit   fresh: [ '0.5.2' ],
19 silly audit   'function-bind': [ '1.1.2' ],
19 silly audit   'get-intrinsic': [ '1.3.0' ],
19 silly audit   'get-proto': [ '1.0.1' ],
19 silly audit   gopd: [ '1.2.0' ],
19 silly audit   'has-symbols': [ '1.1.0' ],
19 silly audit   hasown: [ '2.0.4' ],
19 silly audit   'http-errors': [ '2.0.1' ],
19 silly audit   'iconv-lite': [ '0.4.24' ],
19 silly audit   inherits: [ '2.0.4' ],
19 silly audit   'ipaddr.js': [ '1.9.1' ],
19 silly audit   'math-intrinsics': [ '1.1.0' ],
19 silly audit   'media-typer': [ '0.3.0' ],
19 silly audit   'merge-descriptors': [ '1.0.3' ],
19 silly audit   methods: [ '1.1.2' ],
19 silly audit   mime: [ '1.6.0' ],
19 silly audit   'mime-db': [ '1.52.0' ],
19 silly audit   'mime-types': [ '2.1.35' ],
19 silly audit   ms: [ '2.0.0', '2.1.3' ],
19 silly audit   negotiator: [ '0.6.3' ],
19 silly audit   'object-assign': [ '4.1.1' ],
19 silly audit   'object-inspect': [ '1.13.4' ],
19 silly audit   'on-finished': [ '2.4.1' ],
19 silly audit   parseurl: [ '1.3.3' ],
19 silly audit   'path-to-regexp': [ '0.1.13' ],
19 silly audit   'proxy-addr': [ '2.0.7' ],
19 silly audit   qs: [ '6.15.3' ],
19 silly audit   'range-parser': [ '1.2.1' ],
19 silly audit   'raw-body': [ '2.5.3' ],
19 silly audit   'safe-buffer': [ '5.2.1' ],
19 silly audit   'safer-buffer': [ '2.1.2' ],
19 silly audit   send: [ '0.19.2' ],
19 silly audit   'serve-static': [ '1.16.3' ],
19 silly audit   setprototypeof: [ '1.2.0' ],
19 silly audit   'side-channel': [ '1.1.1' ],
19 silly audit   'side-channel-list': [ '1.0.1' ],
19 silly audit   'side-channel-map': [ '1.0.1' ],
19 silly audit   'side-channel-weakmap': [ '1.0.2' ],
19 silly audit   statuses: [ '2.0.2' ],
19 silly audit   toidentifier: [ '1.0.1' ],
19 silly audit   'type-is': [ '1.6.18' ],
19 silly audit   unpipe: [ '1.0.0' ],
19 silly audit   'utils-merge': [ '1.0.1' ],
19 silly audit   vary: [ '1.1.2' ],
19 silly audit   '@google/generative-ai': [ '0.24.1' ]
19 silly audit }
20 http cache @google/generative-ai@https://registry.npmjs.org/@google/generative-ai/-/generative-ai-0.24.1.tgz 0ms (cache hit)
21 silly tarball no local data for @google/generative-ai@https://registry.npmjs.org/@google/generative-ai/-/generative-ai-0.24.1.tgz. Extracting by manifest.
22 http fetch GET 200 https://registry.npmjs.org/npm 512ms
23 http fetch POST 200 https://registry.npmjs.org/-/npm/v1/security/advisories/bulk 258ms
24 silly audit report {}
25 http fetch GET 200 https://registry.npmjs.org/@google/generative-ai/-/generative-ai-0.24.1.tgz 296ms (cache miss)
26 silly ADD node_modules/@google/generative-ai
27 verbose cwd /Users/nirbhaykumar/Desktop/collegeSOS
28 verbose os Darwin 25.5.0
29 verbose node v24.19.0
30 verbose npm  v11.17.0
31 notice
31 notice New [31mmajor[39m version of npm available! [31m11.17.0[39m -> [34m12.0.2[39m
31 notice Changelog: [34mhttps://github.com/npm/cli/releases/tag/v12.0.2[39m
31 notice To update run: [4mnpm install -g npm@12.0.2[24m
31 notice  { force: true, Symbol(proc-log.meta): true }
32 verbose exit 0
33 info ok
