0 verbose cli /usr/local/bin/node /usr/local/bin/npm
1 info using npm@11.17.0
2 info using node@v24.19.0
3 silly config load:file:/usr/local/lib/node_modules/npm/npmrc
4 silly config load:file:/Users/nirbhaykumar/Desktop/collegeSOS/.npmrc
5 silly config load:file:/usr/local/etc/npmrc
6 verbose title npm install
7 verbose argv "install" "--cache" "/Users/nirbhaykumar/Desktop/collegeSOS/.npm-cache" "--userconfig" "/Users/nirbhaykumar/Desktop/collegeSOS/.npmrc" "--registry" "https://registry.npmjs.org/"
8 verbose logfile logs-max:10 dir:/Users/nirbhaykumar/Desktop/collegeSOS/.npm-cache/_logs/2026-08-25T09_01_47_451Z-
9 verbose logfile /Users/nirbhaykumar/Desktop/collegeSOS/.npm-cache/_logs/2026-08-25T09_01_47_451Z-debug-0.log
10 silly logfile done cleaning log files
11 silly packumentCache heap:4496293888 maxSize:1124073472 maxEntrySize:562036736
12 silly idealTree buildDeps
13 silly reify moves {}
14 silly audit bulk request {
14 silly audit   '@esbuild/aix-ppc64': [ '0.21.5' ],
14 silly audit   '@esbuild/android-arm': [ '0.21.5' ],
14 silly audit   '@esbuild/android-arm64': [ '0.21.5' ],
14 silly audit   '@esbuild/android-x64': [ '0.21.5' ],
14 silly audit   '@esbuild/darwin-arm64': [ '0.21.5' ],
14 silly audit   '@esbuild/darwin-x64': [ '0.21.5' ],
14 silly audit   '@esbuild/freebsd-arm64': [ '0.21.5' ],
14 silly audit   '@esbuild/freebsd-x64': [ '0.21.5' ],
14 silly audit   '@esbuild/linux-arm': [ '0.21.5' ],
14 silly audit   '@esbuild/linux-arm64': [ '0.21.5' ],
14 silly audit   '@esbuild/linux-ia32': [ '0.21.5' ],
14 silly audit   '@esbuild/linux-loong64': [ '0.21.5' ],
14 silly audit   '@esbuild/linux-mips64el': [ '0.21.5' ],
14 silly audit   '@esbuild/linux-ppc64': [ '0.21.5' ],
14 silly audit   '@esbuild/linux-riscv64': [ '0.21.5' ],
14 silly audit   '@esbuild/linux-s390x': [ '0.21.5' ],
14 silly audit   '@esbuild/linux-x64': [ '0.21.5' ],
14 silly audit   '@esbuild/netbsd-x64': [ '0.21.5' ],
14 silly audit   '@esbuild/openbsd-x64': [ '0.21.5' ],
14 silly audit   '@esbuild/sunos-x64': [ '0.21.5' ],
14 silly audit   '@esbuild/win32-arm64': [ '0.21.5' ],
14 silly audit   '@esbuild/win32-ia32': [ '0.21.5' ],
14 silly audit   '@esbuild/win32-x64': [ '0.21.5' ],
14 silly audit   '@google/generative-ai': [ '0.24.1' ],
14 silly audit   '@napi-rs/lzma-linux-x64-gnu': [ '1.5.1' ],
14 silly audit   '@rollup/rollup-android-arm-eabi': [ '4.62.5' ],
14 silly audit   '@rollup/rollup-android-arm64': [ '4.62.5' ],
14 silly audit   '@rollup/rollup-darwin-arm64': [ '4.62.5' ],
14 silly audit   '@rollup/rollup-darwin-x64': [ '4.62.5' ],
14 silly audit   '@rollup/rollup-freebsd-arm64': [ '4.62.5' ],
14 silly audit   '@rollup/rollup-freebsd-x64': [ '4.62.5' ],
14 silly audit   '@rollup/rollup-linux-arm-gnueabihf': [ '4.62.5' ],
14 silly audit   '@rollup/rollup-linux-arm-musleabihf': [ '4.62.5' ],
14 silly audit   '@rollup/rollup-linux-arm64-gnu': [ '4.62.5' ],
14 silly audit   '@rollup/rollup-linux-arm64-musl': [ '4.62.5' ],
14 silly audit   '@rollup/rollup-linux-loong64-gnu': [ '4.62.5' ],
14 silly audit   '@rollup/rollup-linux-loong64-musl': [ '4.62.5' ],
14 silly audit   '@rollup/rollup-linux-ppc64-gnu': [ '4.62.5' ],
14 silly audit   '@rollup/rollup-linux-ppc64-musl': [ '4.62.5' ],
14 silly audit   '@rollup/rollup-linux-riscv64-gnu': [ '4.62.5' ],
14 silly audit   '@rollup/rollup-linux-riscv64-musl': [ '4.62.5' ],
14 silly audit   '@rollup/rollup-linux-s390x-gnu': [ '4.62.5' ],
14 silly audit   '@rollup/rollup-linux-x64-gnu': [ '4.62.5' ],
14 silly audit   '@rollup/rollup-linux-x64-musl': [ '4.62.5' ],
14 silly audit   '@rollup/rollup-openbsd-x64': [ '4.62.5' ],
14 silly audit   '@rollup/rollup-openharmony-arm64': [ '4.62.5' ],
14 silly audit   '@rollup/rollup-win32-arm64-msvc': [ '4.62.5' ],
14 silly audit   '@rollup/rollup-win32-ia32-msvc': [ '4.62.5' ],
14 silly audit   '@rollup/rollup-win32-x64-gnu': [ '4.62.5' ],
14 silly audit   '@rollup/rollup-win32-x64-msvc': [ '4.62.5' ],
14 silly audit   '@types/estree': [ '1.0.9' ],
14 silly audit   accepts: [ '1.3.8' ],
14 silly audit   'array-flatten': [ '1.1.1' ],
14 silly audit   'body-parser': [ '1.20.6' ],
14 silly audit   bytes: [ '3.1.2' ],
14 silly audit   'call-bind-apply-helpers': [ '1.0.2' ],
14 silly audit   'call-bound': [ '1.0.4' ],
14 silly audit   'content-disposition': [ '0.5.4' ],
14 silly audit   'content-type': [ '1.0.5' ],
14 silly audit   cookie: [ '0.7.2' ],
14 silly audit   'cookie-signature': [ '1.0.7' ],
14 silly audit   cors: [ '2.8.6' ],
14 silly audit   debug: [ '2.6.9' ],
14 silly audit   depd: [ '2.0.0' ],
14 silly audit   destroy: [ '1.2.0' ],
14 silly audit   dotenv: [ '16.6.1' ],
14 silly audit   'dunder-proto': [ '1.0.1' ],
14 silly audit   'ee-first': [ '1.1.1' ],
14 silly audit   encodeurl: [ '2.0.0' ],
14 silly audit   'es-define-property': [ '1.0.1' ],
14 silly audit   'es-errors': [ '1.3.0' ],
14 silly audit   'es-object-atoms': [ '1.1.2' ],
14 silly audit   esbuild: [ '0.21.5' ],
14 silly audit   'escape-html': [ '1.0.3' ],
14 silly audit   etag: [ '1.8.1' ],
14 silly audit   express: [ '4.22.2' ],
14 silly audit   finalhandler: [ '1.3.2' ],
14 silly audit   forwarded: [ '0.2.0' ],
14 silly audit   fresh: [ '0.5.2' ],
14 silly audit   fsevents: [ '2.3.3' ],
14 silly audit   'function-bind': [ '1.1.2' ],
14 silly audit   'get-intrinsic': [ '1.3.0' ],
14 silly audit   'get-proto': [ '1.0.1' ],
14 silly audit   gopd: [ '1.2.0' ],
14 silly audit   'has-symbols': [ '1.1.0' ],
14 silly audit   hasown: [ '2.0.4' ],
14 silly audit   'http-errors': [ '2.0.1' ],
14 silly audit   'iconv-lite': [ '0.4.24' ],
14 silly audit   inherits: [ '2.0.4' ],
14 silly audit   'ipaddr.js': [ '1.9.1' ],
14 silly audit   'math-intrinsics': [ '1.1.0' ],
14 silly audit   'media-typer': [ '0.3.0' ],
14 silly audit   'merge-descriptors': [ '1.0.3' ],
14 silly audit   methods: [ '1.1.2' ],
14 silly audit   mime: [ '1.6.0' ],
14 silly audit   'mime-db': [ '1.52.0' ],
14 silly audit   'mime-types': [ '2.1.35' ],
14 silly audit   ms: [ '2.0.0', '2.1.3' ],
14 silly audit   nanoid: [ '3.3.18' ],
14 silly audit   negotiator: [ '0.6.3' ],
14 silly audit   'object-assign': [ '4.1.1' ],
14 silly audit   'object-inspect': [ '1.13.4' ],
14 silly audit   'on-finished': [ '2.4.1' ],
14 silly audit   parseurl: [ '1.3.3' ],
14 silly audit   'path-to-regexp': [ '0.1.13' ],
14 silly audit   picocolors: [ '1.1.1' ],
14 silly audit   postcss: [ '8.5.26' ],
14 silly audit   'proxy-addr': [ '2.0.7' ],
14 silly audit   qs: [ '6.15.3' ],
14 silly audit   'range-parser': [ '1.2.1' ],
14 silly audit   'raw-body': [ '2.5.3' ],
14 silly audit   rollup: [ '4.62.5' ],
14 silly audit   'safe-buffer': [ '5.2.1' ],
14 silly audit   'safer-buffer': [ '2.1.2' ],
14 silly audit   send: [ '0.19.2' ],
14 silly audit   'serve-static': [ '1.16.3' ],
14 silly audit   setprototypeof: [ '1.2.0' ],
14 silly audit   'side-channel': [ '1.1.1' ],
14 silly audit   'side-channel-list': [ '1.0.1' ],
14 silly audit   'side-channel-map': [ '1.0.1' ],
14 silly audit   'side-channel-weakmap': [ '1.0.2' ],
14 silly audit   'source-map-js': [ '1.2.1' ],
14 silly audit   statuses: [ '2.0.2' ],
14 silly audit   toidentifier: [ '1.0.1' ],
14 silly audit   'type-is': [ '1.6.18' ],
14 silly audit   unpipe: [ '1.0.0' ],
14 silly audit   'utils-merge': [ '1.0.1' ],
14 silly audit   vary: [ '1.1.2' ],
14 silly audit   vite: [ '5.4.21' ]
14 silly audit }
15 http cache fsevents@https://registry.npmjs.org/fsevents/-/fsevents-2.3.3.tgz 0ms (cache hit)
16 http fetch POST 200 https://registry.npmjs.org/-/npm/v1/security/advisories/bulk 442ms
17 silly audit report {
17 silly audit report   esbuild: [
17 silly audit report     {
17 silly audit report       id: 1102341,
17 silly audit report       url: 'https://github.com/advisories/GHSA-67mh-4wv8-2f99',
17 silly audit report       title: 'esbuild enables any website to send any requests to the development server and read the response',
17 silly audit report       severity: 'moderate',
17 silly audit report       vulnerable_versions: '<=0.24.2',
17 silly audit report       cwe: [Array],
17 silly audit report       cvss: [Object]
17 silly audit report     }
17 silly audit report   ],
17 silly audit report   vite: [
17 silly audit report     {
17 silly audit report       id: 1120784,
17 silly audit report       url: 'https://github.com/advisories/GHSA-v6wh-96g9-6wx3',
17 silly audit report       title: 'launch-editor: NTLMv2 hash disclosure via UNC path handling on Windows',
17 silly audit report       severity: 'moderate',
17 silly audit report       vulnerable_versions: '<=6.4.2',
17 silly audit report       cwe: [Array],
17 silly audit report       cvss: [Object]
17 silly audit report     },
17 silly audit report     {
17 silly audit report       id: 1116229,
17 silly audit report       url: 'https://github.com/advisories/GHSA-4w7w-66w2-5vf9',
17 silly audit report       title: 'Vite Vulnerable to Path Traversal in Optimized Deps `.map` Handling',
17 silly audit report       severity: 'moderate',
17 silly audit report       vulnerable_versions: '<=6.4.1',
17 silly audit report       cwe: [Array],
17 silly audit report       cvss: [Object]
17 silly audit report     },
17 silly audit report     {
17 silly audit report       id: 1123525,
17 silly audit report       url: 'https://github.com/advisories/GHSA-fx2h-pf6j-xcff',
17 silly audit report       title: 'vite: `server.fs.deny` bypass on Windows alternate paths',
17 silly audit report       severity: 'high',
17 silly audit report       vulnerable_versions: '<=6.4.2',
17 silly audit report       cwe: [Array],
17 silly audit report       cvss: [Object]
17 silly audit report     }
17 silly audit report   ]
17 silly audit report }
18 silly packumentCache corgi:https://registry.npmjs.org/esbuild cache-miss
19 silly packumentCache corgi:https://registry.npmjs.org/vite cache-miss
20 http fetch GET 200 https://registry.npmjs.org/esbuild 71ms (cache revalidated)
21 silly packumentCache corgi:https://registry.npmjs.org/esbuild set size:889133 disposed:false
22 http fetch GET 200 https://registry.npmjs.org/vite 211ms (cache revalidated)
23 silly packumentCache corgi:https://registry.npmjs.org/vite set size:2298256 disposed:false
24 silly ADD node_modules/fsevents
25 warn allow-scripts 2 packages have install scripts not yet covered by allowScripts:
25 warn allow-scripts   esbuild@0.21.5 (postinstall: node install.js)
25 warn allow-scripts   fsevents@2.3.3 (install: (install scripts present))
25 warn allow-scripts
25 warn allow-scripts Run `npm approve-scripts --allow-scripts-pending` to review, or `npm approve-scripts <pkg>` to allow.
26 verbose cwd /Users/nirbhaykumar/Desktop/collegeSOS
27 verbose os Darwin 25.5.0
28 verbose node v24.19.0
29 verbose npm  v11.17.0
30 verbose exit 0
31 info ok
